
> squabble@0.0.0 build
> vite build

[36mvite v4.4.9 [32mbuilding for production...[36m[39m
transforming...
[32mΓ£ô[39m 1 modules transformed.
[32mΓ£ô built in 762ms[39m
node.exe : [31m[vite:css] 
[postcss] It looks like 
you're trying to use 
`tailwindcss` directly as a 
PostCSS plugin. The PostCSS 
plugin has moved to a 
separate package, so to 
continue using Tailwind CSS 
with PostCSS you'll need to 
install 
`@tailwindcss/postcss` and 
update your PostCSS 
configuration.[39m
At line:1 char:1
+ & "C:\Program 
Files\nodejs/node.exe" 
"C:\Program 
Files\nodejs/node_mo ...
+ ~~~~~~~~~~~~~~~~~~~~~~~~~~
~~~~~~~~~~~~~~~~~~~~~~~~~~~~
~~~~~~~~~~~~~~~
    + CategoryInfo          
    : NotSpecified: ([31m  
  [vite:css]...iguration.   
 [39m:String) [], Remot    
eException
    + FullyQualifiedErrorId 
    : NativeCommandError
 
file: [36mC:/Users/rhoda/Do
wnloads/squabble-app-main/sq
uabble-app-main/index.html?h
tml-proxy&inline-css&index=0
.css:undefined:undefined[39
m
[31merror during build:
Error: [postcss] It looks 
like you're trying to use 
`tailwindcss` directly as a 
PostCSS plugin. The PostCSS 
plugin has moved to a 
separate package, so to 
continue using Tailwind CSS 
with PostCSS you'll need to 
install 
`@tailwindcss/postcss` and 
update your PostCSS 
configuration.
    at at (C:\Users\rhoda\Do
wnloads\squabble-app-main\sq
uabble-app-main\node_modules
\tailwindcss\dist\lib.js:38:
1629)
    at LazyResult.runOnRoot 
(C:\Users\rhoda\Downloads\sq
uabble-app-main\squabble-app
-main\node_modules\postcss\l
ib\lazy-result.js:361:16)
    at LazyResult.runAsync (
C:\Users\rhoda\Downloads\squ
abble-app-main\squabble-app-
main\node_modules\postcss\li
b\lazy-result.js:290:26)
    at LazyResult.async (C:\
Users\rhoda\Downloads\squabb
le-app-main\squabble-app-mai
n\node_modules\postcss\lib\l
azy-result.js:192:30)
    at LazyResult.then (C:\U
sers\rhoda\Downloads\squabbl
e-app-main\squabble-app-main
\node_modules\postcss\lib\la
zy-result.js:436:17)[39m
